2026-04-30T21:20:58.749+05:30  INFO 12616 --- [WAF] [restartedMain] com.iomp.WAF.WafApplication              : Starting WafApplication using Java 23.0.1 with PID 12616 (C:\Users\gudip\Downloads\WAF\WAF\target\classes started by gudip in C:\Users\gudip\Downloads\WAF\WAF)
2026-04-30T21:20:58.754+05:30  INFO 12616 --- [WAF] [restartedMain] com.iomp.WAF.WafApplication              : No active profile set, falling back to 1 default profile: "default"
2026-04-30T21:20:58.876+05:30  INFO 12616 --- [WAF] [restartedMain] .e.DevToolsPropertyDefaultsPostProcessor : Devtools property defaults active! Set 'spring.devtools.add-properties' to 'false' to disable
2026-04-30T21:20:58.877+05:30  INFO 12616 --- [WAF] [restartedMain] .e.DevToolsPropertyDefaultsPostProcessor : For additional web related logging consider setting the 'logging.level.web' property to 'DEBUG'
2026-04-30T21:21:00.351+05:30  INFO 12616 --- [WAF] [restartedMain] .s.d.r.c.RepositoryConfigurationDelegate : Bootstrapping Spring Data JPA repositories in DEFAULT mode.
2026-04-30T21:21:00.579+05:30  INFO 12616 --- [WAF] [restartedMain] .s.d.r.c.RepositoryConfigurationDelegate : Finished Spring Data repository scanning in 212 ms. Found 1 JPA repository interface.
2026-04-30T21:21:01.766+05:30  INFO 12616 --- [WAF] [restartedMain] o.s.boot.tomcat.TomcatWebServer          : Tomcat initialized with port 8080 (http)
2026-04-30T21:21:01.786+05:30  INFO 12616 --- [WAF] [restartedMain] o.apache.catalina.core.StandardService   : Starting service [Tomcat]
2026-04-30T21:21:01.787+05:30  INFO 12616 --- [WAF] [restartedMain] o.apache.catalina.core.StandardEngine    : Starting Servlet engine: [Apache Tomcat/11.0.18]
2026-04-30T21:21:01.856+05:30  INFO 12616 --- [WAF] [restartedMain] b.w.c.s.WebApplicationContextInitializer : Root WebApplicationContext: initialization completed in 2978 ms
2026-04-30T21:21:02.300+05:30  INFO 12616 --- [WAF] [restartedMain] org.hibernate.orm.jpa                    : HHH008540: Processing PersistenceUnitInfo [name: default]
2026-04-30T21:21:02.391+05:30  INFO 12616 --- [WAF] [restartedMain] org.hibernate.orm.core                   : HHH000001: Hibernate ORM core version 7.2.7.Final
2026-04-30T21:21:03.186+05:30  INFO 12616 --- [WAF] [restartedMain] o.s.o.j.p.SpringPersistenceUnitInfo      : No LoadTimeWeaver setup: ignoring JPA class transformer
2026-04-30T21:21:03.226+05:30  INFO 12616 --- [WAF] [restartedMain] com.zaxxer.hikari.HikariDataSource       : HikariPool-1 - Starting...
2026-04-30T21:21:03.900+05:30  INFO 12616 --- [WAF] [restartedMain] com.zaxxer.hikari.pool.HikariPool        : HikariPool-1 - Added connection com.mysql.cj.jdbc.ConnectionImpl@67a91655
2026-04-30T21:21:03.903+05:30  INFO 12616 --- [WAF] [restartedMain] com.zaxxer.hikari.HikariDataSource       : HikariPool-1 - Start completed.
2026-04-30T21:21:04.055+05:30  WARN 12616 --- [WAF] [restartedMain] org.hibernate.orm.deprecation            : HHH90000025: MySQLDialect does not need to be specified explicitly using 'hibernate.dialect' (remove the property setting and it will be selected by default)
2026-04-30T21:21:04.088+05:30  INFO 12616 --- [WAF] [restartedMain] org.hibernate.orm.connections.pooling    : HHH10001005: Database info:
	Database JDBC URL [jdbc:mysql://localhost:3306/waf_db]
	Database driver: MySQL Connector/J
	Database dialect: MySQLDialect
	Database version: 8.0.44
	Default catalog/schema: waf_db/undefined
	Autocommit mode: undefined/unknown
	Isolation level: REPEATABLE_READ [default REPEATABLE_READ]
	JDBC fetch size: none
	Pool: DataSourceConnectionProvider
	Minimum pool size: undefined/unknown
	Maximum pool size: undefined/unknown
2026-04-30T21:21:05.293+05:30  INFO 12616 --- [WAF] [restartedMain] org.hibernate.orm.core                   : HHH000489: No JTA platform available (set 'hibernate.transaction.jta.platform' to enable JTA platform integration)
2026-04-30T21:21:05.392+05:30  INFO 12616 --- [WAF] [restartedMain] j.LocalContainerEntityManagerFactoryBean : Initialized JPA EntityManagerFactory for persistence unit 'default'
2026-04-30T21:21:05.541+05:30  INFO 12616 --- [WAF] [restartedMain] o.s.d.j.r.query.QueryEnhancerFactories   : Hibernate is in classpath; If applicable, HQL parser will be used.
2026-04-30T21:21:05.862+05:30  WARN 12616 --- [WAF] [restartedMain] JpaBaseConfiguration$JpaWebConfiguration : spring.jpa.open-in-view is enabled by default. Therefore, database queries may be performed during view rendering. Explicitly configure spring.jpa.open-in-view to disable this warning
2026-04-30T21:21:05.993+05:30  WARN 12616 --- [WAF] [restartedMain] .s.a.UserDetailsServiceAutoConfiguration : 

Using generated security password: 1fb8a98b-e51b-44d0-b753-6c79359c306a

This generated password is for development use only. Your security configuration must be updated before running your application in production.

2026-04-30T21:21:06.007+05:30  INFO 12616 --- [WAF] [restartedMain] r$InitializeUserDetailsManagerConfigurer : Global AuthenticationManager configured with UserDetailsService bean with name inMemoryUserDetailsManager
2026-04-30T21:21:07.038+05:30  INFO 12616 --- [WAF] [restartedMain] o.s.b.a.e.web.EndpointLinksResolver      : Exposing 1 endpoint beneath base path '/actuator'
2026-04-30T21:21:07.178+05:30  INFO 12616 --- [WAF] [restartedMain] o.s.boot.tomcat.TomcatWebServer          : Tomcat started on port 8080 (http) with context path '/'
2026-04-30T21:21:07.200+05:30  INFO 12616 --- [WAF] [restartedMain] com.iomp.WAF.WafApplication              : Started WafApplication in 9.15 seconds (process running for 10.208)
2026-04-30T21:21:36.602+05:30  INFO 12616 --- [WAF] [http-nio-8080-exec-1] o.a.c.c.C.[Tomcat].[localhost].[/]       : Initializing Spring DispatcherServlet 'dispatcherServlet'
2026-04-30T21:21:36.603+05:30  INFO 12616 --- [WAF] [http-nio-8080-exec-1] o.s.web.servlet.DispatcherServlet        : Initializing Servlet 'dispatcherServlet'
2026-04-30T21:21:36.608+05:30  INFO 12616 --- [WAF] [http-nio-8080-exec-1] o.s.web.servlet.DispatcherServlet        : Completed initialization in 3 ms
2026-04-30T22:15:13.774+05:30  INFO 12616 --- [WAF] [SpringApplicationShutdownHook] o.s.boot.tomcat.GracefulShutdown         : Commencing graceful shutdown. Waiting for active requests to complete
2026-04-30T22:15:13.847+05:30  INFO 12616 --- [WAF] [tomcat-shutdown] o.s.boot.tomcat.GracefulShutdown         : Graceful shutdown complete
2026-04-30T22:15:13.976+05:30  INFO 12616 --- [WAF] [SpringApplicationShutdownHook] j.LocalContainerEntityManagerFactoryBean : Closing JPA EntityManagerFactory for persistence unit 'default'
2026-04-30T22:15:13.987+05:30  INFO 12616 --- [WAF] [SpringApplicationShutdownHook] com.zaxxer.hikari.HikariDataSource       : HikariPool-1 - Shutdown initiated...
2026-04-30T22:15:13.998+05:30  INFO 12616 --- [WAF] [SpringApplicationShutdownHook] com.zaxxer.hikari.HikariDataSource       : HikariPool-1 - Shutdown completed.
